// Jest Snapshot v1, https://goo.gl/fbAQLP

exports[`Home renders correctly 1`] = `
<div
  class="css-1kjoe0h-Wrapper"
>
  <div
    class="css-eyw9vr-ListStyle"
  >
    <form>
      <label
        for="url"
      >
        Enter URL:
      </label>
      <br />
      <input
        class="css-2q23bc-Input"
        name="url"
        type="text"
      />
      <a
        href="/player/undefined"
      >
        <input
          class="css-2q23bc-Input"
          type="submit"
          value="Play"
        />
      </a>
    </form>
  </div>
</div>
`;
